// Jest Snapshot v1, https://goo.gl/fbAQLP

exports[`renderParagraphs() should render parsed markup when the body is a markdown string 1`] = `
Object {
  "asFragment": [Function],
  "baseElement": <body>
    <div>
      <pre>
        <code>
            ## Formating

  **bold text**, 
  
  *italic text*, 
  
  &lt;u&gt;underlined text&lt;/u&gt;, 
  
  ~~striked out~~,
  
  [link example](www.google.com)
  
  &gt; quote example
  
  ## Lists
  
  ### Unordered
  
  - item 1
  - item 2
  - item 3
  
  ### Ordered
  
  1. Item 1
  2. Item 2
  3. Item 3

        </code>
      </pre>
      

    </div>
  </body>,
  "container": <div>
    <pre>
      <code>
          ## Formating

  **bold text**, 
  
  *italic text*, 
  
  &lt;u&gt;underlined text&lt;/u&gt;, 
  
  ~~striked out~~,
  
  [link example](www.google.com)
  
  &gt; quote example
  
  ## Lists
  
  ### Unordered
  
  - item 1
  - item 2
  - item 3
  
  ### Ordered
  
  1. Item 1
  2. Item 2
  3. Item 3

      </code>
    </pre>
    

  </div>,
  "debug": [Function],
  "findAllByAltText": [Function],
  "findAllByDisplayValue": [Function],
  "findAllByLabelText": [Function],
  "findAllByPlaceholderText": [Function],
  "findAllByRole": [Function],
  "findAllByTestId": [Function],
  "findAllByText": [Function],
  "findAllByTitle": [Function],
  "findByAltText": [Function],
  "findByDisplayValue": [Function],
  "findByLabelText": [Function],
  "findByPlaceholderText": [Function],
  "findByRole": [Function],
  "findByTestId": [Function],
  "findByText": [Function],
  "findByTitle": [Function],
  "getAllByAltText": [Function],
  "getAllByDisplayValue": [Function],
  "getAllByLabelText": [Function],
  "getAllByPlaceholderText": [Function],
  "getAllByRole": [Function],
  "getAllByTestId": [Function],
  "getAllByText": [Function],
  "getAllByTitle": [Function],
  "getByAltText": [Function],
  "getByDisplayValue": [Function],
  "getByLabelText": [Function],
  "getByPlaceholderText": [Function],
  "getByRole": [Function],
  "getByTestId": [Function],
  "getByText": [Function],
  "getByTitle": [Function],
  "queryAllByAltText": [Function],
  "queryAllByDisplayValue": [Function],
  "queryAllByLabelText": [Function],
  "queryAllByPlaceholderText": [Function],
  "queryAllByRole": [Function],
  "queryAllByTestId": [Function],
  "queryAllByText": [Function],
  "queryAllByTitle": [Function],
  "queryByAltText": [Function],
  "queryByDisplayValue": [Function],
  "queryByLabelText": [Function],
  "queryByPlaceholderText": [Function],
  "queryByRole": [Function],
  "queryByTestId": [Function],
  "queryByText": [Function],
  "queryByTitle": [Function],
  "rerender": [Function],
  "unmount": [Function],
}
`;
